reverb-001 /checkpoint/avidov/experiments/noise/impulse_response/BUT_ReverbDB_rel_19_06_RIR/VUT_FIT_L207/MicID01/SpkID01_20171223_S/01/RIR/IR_sweep_15s_45Hzto22kHz_FS16kHz.v00.flac 16000 RIR
reverb-002 /checkpoint/avidov/experiments/noise/impulse_response/BUT_ReverbDB_rel_19_06_RIR/VUT_FIT_L207/MicID01/SpkID01_20171223_S/02/RIR/IR_sweep_15s_45Hzto22kHz_FS16kHz.v00.flac 16000 RIR
reverb-003 /checkpoint/avidov/experiments/noise/impulse_response/BUT_ReverbDB_rel_19_06_RIR/VUT_FIT_L207/MicID01/SpkID01_20171223_S/03/RIR/IR_sweep_15s_45Hzto22kHz_FS16kHz.v00.flac 16000 RIR
reverb-004 /checkpoint/avidov/experiments/noise/impulse_response/BUT_ReverbDB_rel_19_06_RIR/VUT_FIT_L207/MicID01/SpkID01_20171223_S/04/RIR/IR_sweep_15s_45Hzto22kHz_FS16kHz.v00.flac 16000 RIR
reverb-005 /checkpoint/avidov/experiments/noise/impulse_response/BUT_ReverbDB_rel_19_06_RIR/VUT_FIT_L207/MicID01/SpkID01_20171223_S/05/RIR/IR_sweep_15s_45Hzto22kHz_FS16kHz.v00.flac 16000 RIR
reverb-006 /checkpoint/avidov/experiments/noise/impulse_response/BUT_ReverbDB_rel_19_06_RIR/VUT_FIT_L207/MicID01/SpkID01_20171223_S/06/RIR/IR_sweep_15s_45Hzto22kHz_FS16kHz.v00.flac 16000 RIR
reverb-007 /checkpoint/avidov/experiments/noise/impulse_response/BUT_ReverbDB_rel_19_06_RIR/VUT_FIT_L207/MicID01/SpkID01_20171223_S/07/RIR/IR_sweep_15s_45Hzto22kHz_FS16kHz.v00.flac 16000 RIR
reverb-008 /checkpoint/avidov/experiments/noise/impulse_response/BUT_ReverbDB_rel_19_06_RIR/VUT_FIT_L207/MicID01/SpkID01_20171223_S/08/RIR/IR_sweep_15s_45Hzto22kHz_FS16kHz.v00.flac 16000 RIR
reverb-009 /checkpoint/avidov/experiments/noise/impulse_response/BUT_ReverbDB_rel_19_06_RIR/VUT_FIT_L207/MicID01/SpkID01_20171223_S/09/RIR/IR_sweep_15s_45Hzto22kHz_FS16kHz.v00.flac 16000 RIR
reverb-010 /checkpoint/avidov/experiments/noise/impulse_response/BUT_ReverbDB_rel_19_06_RIR/VUT_FIT_L207/MicID01/SpkID01_20171223_S/10/RIR/IR_sweep_15s_45Hzto22kHz_FS16kHz.v00.flac 16000 RIR