noise-0001 /checkpoint/wesbz/datasets01/audioset_16kHz_mono/042319/data/balanced_train_segments/audio/00W1lcxW-WU_40000_50000.flac 10000.0
noise-0002 /checkpoint/wesbz/datasets01/audioset_16kHz_mono/042319/data/balanced_train_segments/audio/01k1v-NgjWs_0_6000.flac 6000.0
noise-0003 /checkpoint/wesbz/datasets01/audioset_16kHz_mono/042319/data/balanced_train_segments/audio/0150dZu3Na8_0_8000.flac 8000.0
noise-0004 /checkpoint/wesbz/datasets01/audioset_16kHz_mono/042319/data/balanced_train_segments/audio/00M9FhCet6s_100000_110000.flac 10000.0
noise-0005 /checkpoint/wesbz/datasets01/audioset_16kHz_mono/042319/data/balanced_train_segments/audio/00mE-lhe_R8_16000_26000.flac 10000.0
noise-0006 /checkpoint/wesbz/datasets01/audioset_16kHz_mono/042319/data/balanced_train_segments/audio/02JEvDAcq7U_10000_20000.flac 10000.0
noise-0007 /checkpoint/wesbz/datasets01/audioset_16kHz_mono/042319/data/balanced_train_segments/audio/01xpKyI0rXA_180000_190000.flac 10000.0
noise-0008 /checkpoint/wesbz/datasets01/audioset_16kHz_mono/042319/data/balanced_train_segments/audio/01bTS8O2Xnc_18000_28000.flac 10000.0
noise-0009 /checkpoint/wesbz/datasets01/audioset_16kHz_mono/042319/data/balanced_train_segments/audio/01hjVJN9xCg_30000_40000.flac 10000.0
noise-0010 /checkpoint/wesbz/datasets01/audioset_16kHz_mono/042319/data/balanced_train_segments/audio/01q8wKX4XEQ_60000_70000.flac 10000.0
